mode: set
github.com/xenvoid404/gosip/context.go:17.32,19.31 2 1
github.com/xenvoid404/gosip/context.go:19.31,21.3 1 1
github.com/xenvoid404/gosip/context.go:22.2,22.12 1 1
github.com/xenvoid404/gosip/context.go:25.45,28.2 2 1
github.com/xenvoid404/gosip/context.go:30.40,34.2 3 1
github.com/xenvoid404/gosip/context.go:36.45,41.2 4 1
github.com/xenvoid404/gosip/context.go:43.33,44.19 1 1
github.com/xenvoid404/gosip/context.go:44.19,46.3 1 1
github.com/xenvoid404/gosip/context.go:47.2,47.23 1 1
github.com/xenvoid404/gosip/context.go:47.23,49.3 1 1
github.com/xenvoid404/gosip/context.go:50.2,51.22 2 1
github.com/xenvoid404/gosip/context.go:54.44,56.2 1 1
github.com/xenvoid404/gosip/context.go:58.45,60.2 1 1
github.com/xenvoid404/gosip/router.go:36.20,44.71 6 1
github.com/xenvoid404/gosip/router.go:44.71,46.32 2 1
github.com/xenvoid404/gosip/router.go:46.32,48.4 1 1
github.com/xenvoid404/gosip/router.go:50.3,56.16 2 1
github.com/xenvoid404/gosip/router.go:59.2,59.10 1 1
github.com/xenvoid404/gosip/router.go:62.49,64.2 1 1
github.com/xenvoid404/gosip/router.go:66.47,73.2 1 1
github.com/xenvoid404/gosip/router.go:75.63,77.2 1 1
github.com/xenvoid404/gosip/router.go:79.64,81.2 1 0
github.com/xenvoid404/gosip/router.go:83.63,85.2 1 0
github.com/xenvoid404/gosip/router.go:87.65,89.2 1 0
github.com/xenvoid404/gosip/router.go:91.66,93.2 1 0
github.com/xenvoid404/gosip/router.go:95.67,97.2 1 0
github.com/xenvoid404/gosip/router.go:99.64,101.2 1 0
github.com/xenvoid404/gosip/router.go:103.74,111.79 6 1
github.com/xenvoid404/gosip/router.go:111.79,119.3 2 1
github.com/xenvoid404/gosip/router.go:127.61,129.15 2 1
github.com/xenvoid404/gosip/router.go:129.15,129.46 1 1
github.com/xenvoid404/gosip/router.go:131.2,131.36 1 1
github.com/xenvoid404/gosip/router.go:131.36,132.31 1 1
github.com/xenvoid404/gosip/router.go:132.31,133.12 1 1
github.com/xenvoid404/gosip/router.go:135.3,137.38 3 1
github.com/xenvoid404/gosip/router.go:137.38,139.4 1 1
github.com/xenvoid404/gosip/router.go:141.2,141.14 1 1
github.com/xenvoid404/gosip/router.go:144.39,145.33 1 1
github.com/xenvoid404/gosip/router.go:145.33,147.3 1 1
github.com/xenvoid404/gosip/router.go:150.53,151.19 1 1
github.com/xenvoid404/gosip/router.go:151.19,154.3 2 1
github.com/xenvoid404/gosip/router.go:155.2,155.54 1 1
github.com/xenvoid404/gosip/router.go:155.54,157.3 1 0
github.com/xenvoid404/gosip/router.go:160.70,162.2 1 1
github.com/xenvoid404/gosip/router.go:164.44,174.2 2 0
github.com/xenvoid404/gosip/router.go:176.59,177.24 1 0
github.com/xenvoid404/gosip/router.go:177.24,179.3 1 0
github.com/xenvoid404/gosip/router.go:181.2,182.12 2 0
github.com/xenvoid404/gosip/router.go:182.12,184.3 1 0
github.com/xenvoid404/gosip/router.go:186.2,190.9 4 0
github.com/xenvoid404/gosip/router.go:191.22,192.43 1 0
github.com/xenvoid404/gosip/router.go:192.43,194.4 1 0
github.com/xenvoid404/gosip/router.go:195.3,195.13 1 0
github.com/xenvoid404/gosip/router.go:196.21,200.27 4 0
github.com/xenvoid404/gosip/router.go:204.44,205.18 1 1
github.com/xenvoid404/gosip/router.go:205.18,207.3 1 1
github.com/xenvoid404/gosip/router.go:208.2,208.16 1 1
github.com/xenvoid404/gosip/router.go:208.16,210.3 1 1
github.com/xenvoid404/gosip/router.go:211.2,211.75 1 1
github.com/xenvoid404/gosip/router.go:214.40,216.2 1 1
github.com/xenvoid404/gosip/router.go:218.48,220.2 1 1
github.com/xenvoid404/gosip/router.go:222.55,225.2 2 1
github.com/xenvoid404/gosip/example/main.go:9.13,11.48 2 0
github.com/xenvoid404/gosip/example/main.go:11.48,16.3 1 0
github.com/xenvoid404/gosip/example/main.go:17.2,17.53 1 0
github.com/xenvoid404/gosip/example/main.go:17.53,23.3 2 0
github.com/xenvoid404/gosip/example/main.go:25.2,25.42 1 0
github.com/xenvoid404/gosip/example/main.go:25.42,27.3 1 0
